Archive member included because of file (symbol)

c:/winavr-20100110/bin/../lib/gcc/avr/4.3.3/avr5\libgcc.a(_udivmodhi4.o)
                              three_char.o (__udivmodhi4)
c:/winavr-20100110/bin/../lib/gcc/avr/4.3.3/avr5\libgcc.a(_exit.o)
                              c:/winavr-20100110/bin/../lib/gcc/avr/4.3.3/../../../../avr/lib/avr5/crtm328p.o (exit)
c:/winavr-20100110/bin/../lib/gcc/avr/4.3.3/avr5\libgcc.a(_copy_data.o)
                              pm2005.o (__do_copy_data)
c:/winavr-20100110/bin/../lib/gcc/avr/4.3.3/avr5\libgcc.a(_clear_bss.o)
                              pm2005.o (__do_clear_bss)

Allocating common symbols
Common symbol       size              file

pm2005_result       0x14              pm2005.o

Memory Configuration

Name             Origin             Length             Attributes
text             0x00000000         0x00020000         xr
data             0x00800060         0x0000ffa0         rw !x
eeprom           0x00810000         0x00010000         rw !x
fuse             0x00820000         0x00000400         rw !x
lock             0x00830000         0x00000400         rw !x
signature        0x00840000         0x00000400         rw !x
*default*        0x00000000         0xffffffff

Linker script and memory map

Address of section .data set to 0x800100
LOAD c:/winavr-20100110/bin/../lib/gcc/avr/4.3.3/../../../../avr/lib/avr5/crtm328p.o
LOAD fine_dust.o
LOAD ada_fruit.o
LOAD my_spi.o
LOAD three_char.o
LOAD my_uart.o
LOAD pm2005.o
LOAD c:/winavr-20100110/bin/../lib/gcc/avr/4.3.3/avr5\libgcc.a
LOAD c:/winavr-20100110/bin/../lib/gcc/avr/4.3.3/../../../../avr/lib/avr5\libc.a
LOAD c:/winavr-20100110/bin/../lib/gcc/avr/4.3.3/avr5\libgcc.a

.hash
 *(.hash)

.dynsym
 *(.dynsym)

.dynstr
 *(.dynstr)

.gnu.version
 *(.gnu.version)

.gnu.version_d
 *(.gnu.version_d)

.gnu.version_r
 *(.gnu.version_r)

.rel.init
 *(.rel.init)

.rela.init
 *(.rela.init)

.rel.text
 *(.rel.text)
 *(.rel.text.*)
 *(.rel.gnu.linkonce.t*)

.rela.text
 *(.rela.text)
 *(.rela.text.*)
 *(.rela.gnu.linkonce.t*)

.rel.fini
 *(.rel.fini)

.rela.fini
 *(.rela.fini)

.rel.rodata
 *(.rel.rodata)
 *(.rel.rodata.*)
 *(.rel.gnu.linkonce.r*)

.rela.rodata
 *(.rela.rodata)
 *(.rela.rodata.*)
 *(.rela.gnu.linkonce.r*)

.rel.data
 *(.rel.data)
 *(.rel.data.*)
 *(.rel.gnu.linkonce.d*)

.rela.data
 *(.rela.data)
 *(.rela.data.*)
 *(.rela.gnu.linkonce.d*)

.rel.ctors
 *(.rel.ctors)

.rela.ctors
 *(.rela.ctors)

.rel.dtors
 *(.rel.dtors)

.rela.dtors
 *(.rela.dtors)

.rel.got
 *(.rel.got)

.rela.got
 *(.rela.got)

.rel.bss
 *(.rel.bss)

.rela.bss
 *(.rela.bss)

.rel.plt
 *(.rel.plt)

.rela.plt
 *(.rela.plt)

.text           0x00000000      0x940
 *(.vectors)
 .vectors       0x00000000       0x68 c:/winavr-20100110/bin/../lib/gcc/avr/4.3.3/../../../../avr/lib/avr5/crtm328p.o
                0x00000000                __vectors
                0x00000000                __vector_default
 *(.vectors)
 *(.progmem.gcc*)
 *(.progmem*)
                0x00000068                . = ALIGN (0x2)
                0x00000068                __trampolines_start = .
 *(.trampolines)
 .trampolines   0x00000068        0x0 linker stubs
 *(.trampolines*)
                0x00000068                __trampolines_end = .
 *(.jumptables)
 *(.jumptables*)
 *(.lowtext)
 *(.lowtext*)
                0x00000068                __ctors_start = .
 *(.ctors)
                0x00000068                __ctors_end = .
                0x00000068                __dtors_start = .
 *(.dtors)
                0x00000068                __dtors_end = .
 SORT(*)(.ctors)
 SORT(*)(.dtors)
 *(.init0)
 .init0         0x00000068        0x0 c:/winavr-20100110/bin/../lib/gcc/avr/4.3.3/../../../../avr/lib/avr5/crtm328p.o
                0x00000068                __init
 *(.init0)
 *(.init1)
 *(.init1)
 *(.init2)
 .init2         0x00000068        0xc c:/winavr-20100110/bin/../lib/gcc/avr/4.3.3/../../../../avr/lib/avr5/crtm328p.o
 *(.init2)
 *(.init3)
 *(.init3)
 *(.init4)
 .init4         0x00000074       0x16 c:/winavr-20100110/bin/../lib/gcc/avr/4.3.3/avr5\libgcc.a(_copy_data.o)
                0x00000074                __do_copy_data
 .init4         0x0000008a       0x10 c:/winavr-20100110/bin/../lib/gcc/avr/4.3.3/avr5\libgcc.a(_clear_bss.o)
                0x0000008a                __do_clear_bss
 *(.init4)
 *(.init5)
 *(.init5)
 *(.init6)
 *(.init6)
 *(.init7)
 *(.init7)
 *(.init8)
 *(.init8)
 *(.init9)
 .init9         0x0000009a        0x8 c:/winavr-20100110/bin/../lib/gcc/avr/4.3.3/../../../../avr/lib/avr5/crtm328p.o
 *(.init9)
 *(.text)
 .text          0x000000a2        0x4 c:/winavr-20100110/bin/../lib/gcc/avr/4.3.3/../../../../avr/lib/avr5/crtm328p.o
                0x000000a2                __vector_22
                0x000000a2                __vector_1
                0x000000a2                __vector_24
                0x000000a2                __vector_12
                0x000000a2                __bad_interrupt
                0x000000a2                __vector_6
                0x000000a2                __vector_3
                0x000000a2                __vector_23
                0x000000a2                __vector_25
                0x000000a2                __vector_11
                0x000000a2                __vector_13
                0x000000a2                __vector_17
                0x000000a2                __vector_19
                0x000000a2                __vector_7
                0x000000a2                __vector_5
                0x000000a2                __vector_4
                0x000000a2                __vector_9
                0x000000a2                __vector_2
                0x000000a2                __vector_21
                0x000000a2                __vector_15
                0x000000a2                __vector_8
                0x000000a2                __vector_14
                0x000000a2                __vector_10
                0x000000a2                __vector_16
                0x000000a2                __vector_18
                0x000000a2                __vector_20
 .text          0x000000a6       0x62 fine_dust.o
                0x000000a6                main
 .text          0x00000108      0x106 ada_fruit.o
                0x000001c8                ada_fruit_init
                0x0000014e                ada_fruit_draw_horizental_line
                0x00000188                ada_fruit_write_command
                0x00000190                ada_fruit_go_to
                0x00000146                ada_fruit_write_data
                0x00000108                ada_fruit_reset
 .text          0x0000020e       0x32 my_spi.o
                0x0000020e                spi_init
                0x00000232                spi_write
 .text          0x00000240      0x5f2 three_char.o
                0x0000029c                three_char_clean_all
                0x00000240                three_char_clean_one
                0x000007ce                three_char_print_dec3
                0x000002c0                three_char_print_one_char
 .text          0x00000832       0x44 my_uart.o
                0x00000858                uart_write
                0x00000832                uart_init
                0x00000868                uart_read
 .text          0x00000876       0x9e pm2005.o
                0x00000876                pm2005_get_result
 .text          0x00000914        0x0 c:/winavr-20100110/bin/../lib/gcc/avr/4.3.3/avr5\libgcc.a(_udivmodhi4.o)
 .text          0x00000914        0x0 c:/winavr-20100110/bin/../lib/gcc/avr/4.3.3/avr5\libgcc.a(_exit.o)
 .text          0x00000914        0x0 c:/winavr-20100110/bin/../lib/gcc/avr/4.3.3/avr5\libgcc.a(_copy_data.o)
 .text          0x00000914        0x0 c:/winavr-20100110/bin/../lib/gcc/avr/4.3.3/avr5\libgcc.a(_clear_bss.o)
                0x00000914                . = ALIGN (0x2)
 *(.text.*)
 .text.libgcc   0x00000914       0x28 c:/winavr-20100110/bin/../lib/gcc/avr/4.3.3/avr5\libgcc.a(_udivmodhi4.o)
                0x00000914                __udivmodhi4
 .text.libgcc   0x0000093c        0x0 c:/winavr-20100110/bin/../lib/gcc/avr/4.3.3/avr5\libgcc.a(_exit.o)
 .text.libgcc   0x0000093c        0x0 c:/winavr-20100110/bin/../lib/gcc/avr/4.3.3/avr5\libgcc.a(_copy_data.o)
 .text.libgcc   0x0000093c        0x0 c:/winavr-20100110/bin/../lib/gcc/avr/4.3.3/avr5\libgcc.a(_clear_bss.o)
                0x0000093c                . = ALIGN (0x2)
 *(.fini9)
 .fini9         0x0000093c        0x0 c:/winavr-20100110/bin/../lib/gcc/avr/4.3.3/avr5\libgcc.a(_exit.o)
                0x0000093c                exit
                0x0000093c                _exit
 *(.fini9)
 *(.fini8)
 *(.fini8)
 *(.fini7)
 *(.fini7)
 *(.fini6)
 *(.fini6)
 *(.fini5)
 *(.fini5)
 *(.fini4)
 *(.fini4)
 *(.fini3)
 *(.fini3)
 *(.fini2)
 *(.fini2)
 *(.fini1)
 *(.fini1)
 *(.fini0)
 .fini0         0x0000093c        0x4 c:/winavr-20100110/bin/../lib/gcc/avr/4.3.3/avr5\libgcc.a(_exit.o)
 *(.fini0)
                0x00000940                _etext = .

.data           0x00800100        0x6 load address 0x00000940
                0x00800100                PROVIDE (__data_start, .)
 *(.data)
 .data          0x00800100        0x0 c:/winavr-20100110/bin/../lib/gcc/avr/4.3.3/../../../../avr/lib/avr5/crtm328p.o
 .data          0x00800100        0x0 fine_dust.o
 .data          0x00800100        0x0 ada_fruit.o
 .data          0x00800100        0x0 my_spi.o
 .data          0x00800100        0x0 three_char.o
 .data          0x00800100        0x0 my_uart.o
 .data          0x00800100        0x5 pm2005.o
                0x00800100                pm2005_get_result_cmd
 .data          0x00800105        0x0 c:/winavr-20100110/bin/../lib/gcc/avr/4.3.3/avr5\libgcc.a(_udivmodhi4.o)
 .data          0x00800105        0x0 c:/winavr-20100110/bin/../lib/gcc/avr/4.3.3/avr5\libgcc.a(_exit.o)
 .data          0x00800105        0x0 c:/winavr-20100110/bin/../lib/gcc/avr/4.3.3/avr5\libgcc.a(_copy_data.o)
 .data          0x00800105        0x0 c:/winavr-20100110/bin/../lib/gcc/avr/4.3.3/avr5\libgcc.a(_clear_bss.o)
 *(.data*)
 *(.rodata)
 *(.rodata*)
 *(.gnu.linkonce.d*)
                0x00800106                . = ALIGN (0x2)
 *fill*         0x00800105        0x1 00
                0x00800106                _edata = .
                0x00800106                PROVIDE (__data_end, .)

.bss            0x00800106       0x14
                0x00800106                PROVIDE (__bss_start, .)
 *(.bss)
 .bss           0x00800106        0x0 c:/winavr-20100110/bin/../lib/gcc/avr/4.3.3/../../../../avr/lib/avr5/crtm328p.o
 .bss           0x00800106        0x0 fine_dust.o
 .bss           0x00800106        0x0 ada_fruit.o
 .bss           0x00800106        0x0 my_spi.o
 .bss           0x00800106        0x0 three_char.o
 .bss           0x00800106        0x0 my_uart.o
 .bss           0x00800106        0x0 pm2005.o
 .bss           0x00800106        0x0 c:/winavr-20100110/bin/../lib/gcc/avr/4.3.3/avr5\libgcc.a(_udivmodhi4.o)
 .bss           0x00800106        0x0 c:/winavr-20100110/bin/../lib/gcc/avr/4.3.3/avr5\libgcc.a(_exit.o)
 .bss           0x00800106        0x0 c:/winavr-20100110/bin/../lib/gcc/avr/4.3.3/avr5\libgcc.a(_copy_data.o)
 .bss           0x00800106        0x0 c:/winavr-20100110/bin/../lib/gcc/avr/4.3.3/avr5\libgcc.a(_clear_bss.o)
 *(.bss*)
 *(COMMON)
 COMMON         0x00800106       0x14 pm2005.o
                0x00800106                pm2005_result
                0x0080011a                PROVIDE (__bss_end, .)
                0x00000940                __data_load_start = LOADADDR (.data)
                0x00000946                __data_load_end = (__data_load_start + SIZEOF (.data))

.noinit         0x0080011a        0x0
                0x0080011a                PROVIDE (__noinit_start, .)
 *(.noinit*)
                0x0080011a                PROVIDE (__noinit_end, .)
                0x0080011a                _end = .
                0x0080011a                PROVIDE (__heap_start, .)

.eeprom         0x00810000        0x0
 *(.eeprom*)
                0x00810000                __eeprom_end = .

.fuse
 *(.fuse)
 *(.lfuse)
 *(.hfuse)
 *(.efuse)

.lock
 *(.lock*)

.signature
 *(.signature*)

.stab
 *(.stab)

.stabstr
 *(.stabstr)

.stab.excl
 *(.stab.excl)

.stab.exclstr
 *(.stab.exclstr)

.stab.index
 *(.stab.index)

.stab.indexstr
 *(.stab.indexstr)

.comment
 *(.comment)

.debug
 *(.debug)

.line
 *(.line)

.debug_srcinfo
 *(.debug_srcinfo)

.debug_sfnames
 *(.debug_sfnames)

.debug_aranges  0x00000000       0xc0
 *(.debug_aranges)
 .debug_aranges
                0x00000000       0x20 fine_dust.o
 .debug_aranges
                0x00000020       0x20 ada_fruit.o
 .debug_aranges
                0x00000040       0x20 my_spi.o
 .debug_aranges
                0x00000060       0x20 three_char.o
 .debug_aranges
                0x00000080       0x20 my_uart.o
 .debug_aranges
                0x000000a0       0x20 pm2005.o

.debug_pubnames
                0x00000000      0x1fa
 *(.debug_pubnames)
 .debug_pubnames
                0x00000000       0x1b fine_dust.o
 .debug_pubnames
                0x0000001b       0xa5 ada_fruit.o
 .debug_pubnames
                0x000000c0       0x2d my_spi.o
 .debug_pubnames
                0x000000ed       0x7c three_char.o
 .debug_pubnames
                0x00000169       0x3d my_uart.o
 .debug_pubnames
                0x000001a6       0x54 pm2005.o

.debug_info     0x00000000      0x748
 *(.debug_info)
 .debug_info    0x00000000      0x12e fine_dust.o
 .debug_info    0x0000012e      0x296 ada_fruit.o
 .debug_info    0x000003c4       0x93 my_spi.o
 .debug_info    0x00000457      0x177 three_char.o
 .debug_info    0x000005ce       0xb0 my_uart.o
 .debug_info    0x0000067e       0xca pm2005.o
 *(.gnu.linkonce.wi.*)

.debug_abbrev   0x00000000      0x3f3
 *(.debug_abbrev)
 .debug_abbrev  0x00000000       0xcc fine_dust.o
 .debug_abbrev  0x000000cc      0x12e ada_fruit.o
 .debug_abbrev  0x000001fa       0x61 my_spi.o
 .debug_abbrev  0x0000025b       0xa6 three_char.o
 .debug_abbrev  0x00000301       0x78 my_uart.o
 .debug_abbrev  0x00000379       0x7a pm2005.o

.debug_line     0x00000000      0xbd9
 *(.debug_line)
 .debug_line    0x00000000      0x15c fine_dust.o
 .debug_line    0x0000015c      0x2a8 ada_fruit.o
 .debug_line    0x00000404       0xd5 my_spi.o
 .debug_line    0x000004d9      0x5c5 three_char.o
 .debug_line    0x00000a9e       0xc6 my_uart.o
 .debug_line    0x00000b64       0x75 pm2005.o

.debug_frame    0x00000000      0x170
 *(.debug_frame)
 .debug_frame   0x00000000       0x20 fine_dust.o
 .debug_frame   0x00000020       0x70 ada_fruit.o
 .debug_frame   0x00000090       0x30 my_spi.o
 .debug_frame   0x000000c0       0x50 three_char.o
 .debug_frame   0x00000110       0x40 my_uart.o
 .debug_frame   0x00000150       0x20 pm2005.o

.debug_str      0x00000000      0x252
 *(.debug_str)
 .debug_str     0x00000000       0xbd fine_dust.o
                                 0xf8 (size before relaxing)
 .debug_str     0x000000bd       0x97 ada_fruit.o
                                0x181 (size before relaxing)
 .debug_str     0x00000154       0x1f my_spi.o
                                 0xbe (size before relaxing)
 .debug_str     0x00000173       0x71 three_char.o
                                0x11f (size before relaxing)
 .debug_str     0x000001e4       0x2c my_uart.o
                                 0xcb (size before relaxing)
 .debug_str     0x00000210       0x42 pm2005.o
                                 0xdc (size before relaxing)

.debug_loc      0x00000000      0x361
 *(.debug_loc)
 .debug_loc     0x00000000       0x68 fine_dust.o
 .debug_loc     0x00000068      0x13b ada_fruit.o
 .debug_loc     0x000001a3      0x1a0 three_char.o
 .debug_loc     0x00000343       0x1e my_uart.o

.debug_macinfo
 *(.debug_macinfo)
OUTPUT(fine_dust.elf elf32-avr)
LOAD linker stubs

.debug_ranges   0x00000000       0x48
 .debug_ranges  0x00000000       0x48 fine_dust.o
